// Jest Snapshot v1, https://goo.gl/fbAQLP

exports[`Publication.vue matches snapshot 1`] = `
<div
  class="entry"
>
  <span>
    Loading..
  </span>
   
  <!---->
</div>
`;
